  [1m[35m (0.2ms)[0m  [1m[35mCREATE TABLE "schema_migrations" ("version" varchar NOT NULL PRIMARY KEY) /*application='Example'*/[0m
  [1m[35m (0.1ms)[0m  [1m[35mCREATE TABLE "ar_internal_metadata" ("key" varchar NOT NULL PRIMARY KEY, "value" varchar, "created_at" datetime(6) NOT NULL, "updated_at" datetime(6) NOT NULL) /*application='Example'*/[0m
  [1m[36mActiveRecord::InternalMetadata Load (0.1ms)[0m  [1m[34mSELECT * FROM "ar_internal_metadata" WHERE "ar_internal_metadata"."key" = 'environment' ORDER BY "ar_internal_metadata"."key" ASC LIMIT 1 /*application='Example'*/[0m
  [1m[36mActiveRecord::InternalMetadata Create (0.0ms)[0m  [1m[32mINSERT INTO "ar_internal_metadata" ("key", "value", "created_at", "updated_at") VALUES ('environment', 'development', '2026-09-18 22:51:38.242344', '2026-09-18 22:51:38.242345') RETURNING "key" /*application='Example'*/[0m
  [1m[36mActiveRecord::SchemaMigration Load (0.0ms)[0m  [1m[34mSELECT "schema_migrations"."version" FROM "schema_migrations" ORDER BY "schema_migrations"."version" ASC /*application='Example'*/[0m
Migrating to CreateActiveStorageTables (20260918225135)
  [1m[36mTRANSACTION (0.0ms)[0m  [1m[35mBEGIN immediate TRANSACTION /*application='Example'*/[0m
  [1m[35m (0.3ms)[0m  [1m[35mCREATE TABLE "active_storage_blobs" ("id" integer PRIMARY KEY AUTOINCREMENT NOT NULL, "key" varchar NOT NULL, "filename" varchar NOT NULL, "content_type" varchar, "metadata" text, "service_name" varchar NOT NULL, "byte_size" bigint NOT NULL, "checksum" varchar, "created_at" datetime(6) NOT NULL) /*application='Example'*/[0m
  [1m[35m (0.0ms)[0m  [1m[35mCREATE UNIQUE INDEX "index_active_storage_blobs_on_key" ON "active_storage_blobs" ("key") /*application='Example'*/[0m
  [1m[35m (0.0ms)[0m  [1m[35mCREATE TABLE "active_storage_attachments" ("id" integer PRIMARY KEY AUTOINCREMENT NOT NULL, "name" varchar NOT NULL, "record_type" varchar NOT NULL, "record_id" bigint NOT NULL, "blob_id" bigint NOT NULL, "created_at" datetime(6) NOT NULL, CONSTRAINT "fk_rails_c3b3935057"
FOREIGN KEY ("blob_id")
  REFERENCES "active_storage_blobs" ("id")
) /*application='Example'*/[0m
  [1m[35m (0.0ms)[0m  [1m[35mCREATE INDEX "index_active_storage_attachments_on_blob_id" ON "active_storage_attachments" ("blob_id") /*application='Example'*/[0m
  [1m[35m (0.0ms)[0m  [1m[35mCREATE UNIQUE INDEX "index_active_storage_attachments_uniqueness" ON "active_storage_attachments" ("record_type", "record_id", "name", "blob_id") /*application='Example'*/[0m
  [1m[35m (0.0ms)[0m  [1m[35mCREATE TABLE "active_storage_variant_records" ("id" integer PRIMARY KEY AUTOINCREMENT NOT NULL, "blob_id" bigint NOT NULL, "variation_digest" varchar NOT NULL, CONSTRAINT "fk_rails_993965df05"
FOREIGN KEY ("blob_id")
  REFERENCES "active_storage_blobs" ("id")
) /*application='Example'*/[0m
  [1m[35m (0.0ms)[0m  [1m[35mCREATE UNIQUE INDEX "index_active_storage_variant_records_uniqueness" ON "active_storage_variant_records" ("blob_id", "variation_digest") /*application='Example'*/[0m
  [1m[36mActiveRecord::SchemaMigration Create (0.0ms)[0m  [1m[32mINSERT INTO "schema_migrations" ("version") VALUES ('20260918225135') RETURNING "version" /*application='Example'*/[0m
  [1m[36mTRANSACTION (0.1ms)[0m  [1m[35mCOMMIT TRANSACTION /*application='Example'*/[0m
Migrating to CreateActionMailboxTables (20260918225136)
  [1m[36mTRANSACTION (0.0ms)[0m  [1m[35mBEGIN immediate TRANSACTION /*application='Example'*/[0m
  [1m[35m (0.2ms)[0m  [1m[35mCREATE TABLE "action_mailbox_inbound_emails" ("id" integer PRIMARY KEY AUTOINCREMENT NOT NULL, "status" integer DEFAULT 0 NOT NULL, "message_id" varchar NOT NULL, "message_checksum" varchar NOT NULL, "created_at" datetime(6) NOT NULL, "updated_at" datetime(6) NOT NULL) /*application='Example'*/[0m
  [1m[35m (0.0ms)[0m  [1m[35mCREATE UNIQUE INDEX "index_action_mailbox_inbound_emails_uniqueness" ON "action_mailbox_inbound_emails" ("message_id", "message_checksum") /*application='Example'*/[0m
  [1m[36mActiveRecord::SchemaMigration Create (0.0ms)[0m  [1m[32mINSERT INTO "schema_migrations" ("version") VALUES ('20260918225136') RETURNING "version" /*application='Example'*/[0m
  [1m[36mTRANSACTION (0.0ms)[0m  [1m[35mCOMMIT TRANSACTION /*application='Example'*/[0m
Migrating to CreateSignups (20260918225137)
  [1m[36mTRANSACTION (0.0ms)[0m  [1m[35mBEGIN immediate TRANSACTION /*application='Example'*/[0m
  [1m[35m (0.2ms)[0m  [1m[35mCREATE TABLE "signups" ("id" integer PRIMARY KEY AUTOINCREMENT NOT NULL, "email" varchar, "address" varchar, "bio" text, "created_at" datetime(6) NOT NULL, "updated_at" datetime(6) NOT NULL) /*application='Example'*/[0m
  [1m[36mActiveRecord::SchemaMigration Create (0.0ms)[0m  [1m[32mINSERT INTO "schema_migrations" ("version") VALUES ('20260918225137') RETURNING "version" /*application='Example'*/[0m
  [1m[36mTRANSACTION (0.0ms)[0m  [1m[35mCOMMIT TRANSACTION /*application='Example'*/[0m
Migrating to CreateTickets (20260918225138)
  [1m[36mTRANSACTION (0.0ms)[0m  [1m[35mBEGIN immediate TRANSACTION /*application='Example'*/[0m
  [1m[35m (0.2ms)[0m  [1m[35mCREATE TABLE "tickets" ("id" integer PRIMARY KEY AUTOINCREMENT NOT NULL, "team" varchar, "subject" varchar, "body" text, "created_at" datetime(6) NOT NULL, "updated_at" datetime(6) NOT NULL) /*application='Example'*/[0m
  [1m[36mActiveRecord::SchemaMigration Create (0.0ms)[0m  [1m[32mINSERT INTO "schema_migrations" ("version") VALUES ('20260918225138') RETURNING "version" /*application='Example'*/[0m
  [1m[36mTRANSACTION (0.0ms)[0m  [1m[35mCOMMIT TRANSACTION /*application='Example'*/[0m
Migrating to CreateOrders (20260918225139)
  [1m[36mTRANSACTION (0.0ms)[0m  [1m[35mBEGIN immediate TRANSACTION /*application='Example'*/[0m
  [1m[35m (0.2ms)[0m  [1m[35mCREATE TABLE "orders" ("id" integer PRIMARY KEY AUTOINCREMENT NOT NULL, "reference" varchar, "status" integer, "created_at" datetime(6) NOT NULL, "updated_at" datetime(6) NOT NULL) /*application='Example'*/[0m
  [1m[36mActiveRecord::SchemaMigration Create (0.0ms)[0m  [1m[32mINSERT INTO "schema_migrations" ("version") VALUES ('20260918225139') RETURNING "version" /*application='Example'*/[0m
  [1m[36mTRANSACTION (0.0ms)[0m  [1m[35mCOMMIT TRANSACTION /*application='Example'*/[0m
Migrating to CreateComments (20260918225140)
  [1m[36mTRANSACTION (0.0ms)[0m  [1m[35mBEGIN immediate TRANSACTION /*application='Example'*/[0m
  [1m[35m (0.3ms)[0m  [1m[35mCREATE TABLE "comments" ("id" integer PRIMARY KEY AUTOINCREMENT NOT NULL, "body" text, "status" integer, "created_at" datetime(6) NOT NULL, "updated_at" datetime(6) NOT NULL) /*application='Example'*/[0m
  [1m[36mActiveRecord::SchemaMigration Create (0.0ms)[0m  [1m[32mINSERT INTO "schema_migrations" ("version") VALUES ('20260918225140') RETURNING "version" /*application='Example'*/[0m
  [1m[36mTRANSACTION (0.0ms)[0m  [1m[35mCOMMIT TRANSACTION /*application='Example'*/[0m
  [1m[36mActiveRecord::SchemaMigration Load (0.0ms)[0m  [1m[34mSELECT "schema_migrations"."version" FROM "schema_migrations" ORDER BY "schema_migrations"."version" ASC /*application='Example'*/[0m
  [1m[36mTRANSACTION (0.1ms)[0m  [1m[35mBEGIN immediate TRANSACTION /*application='Example'*/[0m
  [1m[36mComment Create (4.2ms)[0m  [1m[32mINSERT INTO "comments" ("body", "status", "created_at", "updated_at") VALUES ('you are an idiot and your app is garbage', 0, '2026-09-18 22:54:54.838404', '2026-09-18 22:54:54.838404') RETURNING "id" /*application='Example'*/[0m
  [1m[36mTRANSACTION (0.2ms)[0m  [1m[35mCOMMIT TRANSACTION /*application='Example'*/[0m
  [1m[36mTRANSACTION (0.1ms)[0m  [1m[35mBEGIN immediate TRANSACTION /*application='Example'*/[0m
  ↳ app/models/comment.rb:11:in 'Comment#moderate!'
  [1m[36mComment Update (1.3ms)[0m  [1m[33mUPDATE "comments" SET "status" = 3, "updated_at" = '2026-09-18 22:54:55.300200' WHERE "comments"."id" = 1 /*application='Example'*/[0m
  ↳ app/models/comment.rb:11:in 'Comment#moderate!'
  [1m[36mTRANSACTION (0.1ms)[0m  [1m[35mCOMMIT TRANSACTION /*application='Example'*/[0m
  ↳ app/models/comment.rb:11:in 'Comment#moderate!'
  [1m[36mTRANSACTION (0.0ms)[0m  [1m[35mBEGIN immediate TRANSACTION /*application='Example'*/[0m
  [1m[36mComment Create (1.3ms)[0m  [1m[32mINSERT INTO "comments" ("body", "status", "created_at", "updated_at") VALUES ('lovely release, the new rate API reads beautifully', 0, '2026-09-18 22:54:55.313219', '2026-09-18 22:54:55.313219') RETURNING "id" /*application='Example'*/[0m
  [1m[36mTRANSACTION (0.1ms)[0m  [1m[35mCOMMIT TRANSACTION /*application='Example'*/[0m
  [1m[36mTRANSACTION (0.1ms)[0m  [1m[35mBEGIN immediate TRANSACTION /*application='Example'*/[0m
  ↳ app/models/comment.rb:9:in 'Comment#moderate!'
  [1m[36mComment Update (2.0ms)[0m  [1m[33mUPDATE "comments" SET "status" = 1, "updated_at" = '2026-09-18 22:54:55.590719' WHERE "comments"."id" = 2 /*application='Example'*/[0m
  ↳ app/models/comment.rb:9:in 'Comment#moderate!'
  [1m[36mTRANSACTION (0.1ms)[0m  [1m[35mCOMMIT TRANSACTION /*application='Example'*/[0m
  ↳ app/models/comment.rb:9:in 'Comment#moderate!'
[triage] paging on-call: RuntimeError: payment processor connection refused, all checkouts failing
  [1m[36mActiveRecord::InternalMetadata Load (0.1ms)[0m  [1m[34mSELECT * FROM "ar_internal_metadata" WHERE "ar_internal_metadata"."key" = 'environment' ORDER BY "ar_internal_metadata"."key" ASC LIMIT 1 /*application='Example'*/[0m
  [1m[36mActiveRecord::SchemaMigration Load (0.0ms)[0m  [1m[34mSELECT "schema_migrations"."version" FROM "schema_migrations" ORDER BY "schema_migrations"."version" ASC /*application='Example'*/[0m
Migrating to ReplaceAddressWithDisplayNameOnSignups (20260918225924)
  [1m[36mTRANSACTION (0.0ms)[0m  [1m[35mBEGIN immediate TRANSACTION /*application='Example'*/[0m
  [1m[35m (0.0ms)[0m  [1m[35mPRAGMA foreign_keys /*application='Example'*/[0m
  [1m[35m (0.0ms)[0m  [1m[35mPRAGMA defer_foreign_keys /*application='Example'*/[0m
  [1m[35m (0.0ms)[0m  [1m[35mPRAGMA defer_foreign_keys = ON /*application='Example'*/[0m
  [1m[35m (0.0ms)[0m  [1m[35mPRAGMA foreign_keys = OFF /*application='Example'*/[0m
  [1m[35m (0.0ms)[0m  [1m[35mCREATE TEMPORARY TABLE "asignups" ("id" integer PRIMARY KEY AUTOINCREMENT NOT NULL, "email" varchar, "address" varchar, "bio" text, "created_at" datetime(6) NOT NULL, "updated_at" datetime(6) NOT NULL) /*application='Example'*/[0m
  [1m[35mSQL (0.2ms)[0m  [1m[32mINSERT INTO "asignups" ("id","email","address","bio","created_at","updated_at")
                     SELECT "id","email","address","bio","created_at","updated_at" FROM "signups" /*application='Example'*/[0m
  [1m[35m (0.0ms)[0m  [1m[35mDROP TABLE "signups" /*application='Example'*/[0m
  [1m[35m (0.0ms)[0m  [1m[35mCREATE TABLE "signups" ("id" integer PRIMARY KEY AUTOINCREMENT NOT NULL, "email" varchar, "bio" text, "created_at" datetime(6) NOT NULL, "updated_at" datetime(6) NOT NULL) /*application='Example'*/[0m
  [1m[35mSQL (0.0ms)[0m  [1m[32mINSERT INTO "signups" ("id","email","bio","created_at","updated_at")
                     SELECT "id","email","bio","created_at","updated_at" FROM "asignups" /*application='Example'*/[0m
  [1m[35m (0.0ms)[0m  [1m[35mDROP TABLE "asignups" /*application='Example'*/[0m
  [1m[35m (0.0ms)[0m  [1m[35mPRAGMA defer_foreign_keys = 0 /*application='Example'*/[0m
  [1m[35m (0.0ms)[0m  [1m[35mPRAGMA foreign_keys = 1 /*application='Example'*/[0m
  [1m[35m (0.1ms)[0m  [1m[35mALTER TABLE "signups" ADD "display_name" varchar /*application='Example'*/[0m
  [1m[36mActiveRecord::SchemaMigration Create (0.0ms)[0m  [1m[32mINSERT INTO "schema_migrations" ("version") VALUES ('20260918225924') RETURNING "version" /*application='Example'*/[0m
  [1m[36mTRANSACTION (0.1ms)[0m  [1m[35mCOMMIT TRANSACTION /*application='Example'*/[0m
  [1m[36mActiveRecord::SchemaMigration Load (0.0ms)[0m  [1m[34mSELECT "schema_migrations"."version" FROM "schema_migrations" ORDER BY "schema_migrations"."version" ASC /*application='Example'*/[0m
